// Jest Snapshot v1, https://goo.gl/fbAQLP

exports[`Vue Prism editor renders the correct markup 1`] = `
<div
  class="editor-wrapper"
>
  <pre
    class="editor line-numbers"
    contenteditable="true"
    id="editor"
    spellcheck="false"
  >
    <code>
      <span
        class="new-line"
      />
      <span
        class="token tag"
      >
        <span
          class="token tag"
        >
          <span
            class="token punctuation"
          >
            &lt;
          </span>
          template
        </span>
        <span
          class="token punctuation"
        >
          &gt;
        </span>
      </span>
      

      <span
        class="new-line"
      />
      <span
        class="token tag"
      >
        <span
          class="token tag"
        >
          <span
            class="token punctuation"
          >
            &lt;
          </span>
          div
        </span>
         
        <span
          class="token attr-name"
        >
          id
        </span>
        <span
          class="token attr-value"
        >
          <span
            class="token punctuation"
          >
            =
          </span>
          <span
            class="token punctuation"
          >
            "
          </span>
          app
          <span
            class="token punctuation"
          >
            "
          </span>
        </span>
        <span
          class="token punctuation"
        >
          &gt;
        </span>
      </span>
      

      <span
        class="new-line"
      />
        
      <span
        class="token tag"
      >
        <span
          class="token tag"
        >
          <span
            class="token punctuation"
          >
            &lt;
          </span>
          div
        </span>
        <span
          class="token punctuation"
        >
          &gt;
        </span>
      </span>
      

      <span
        class="new-line"
      />
          
      <span
        class="token tag"
      >
        <span
          class="token tag"
        >
          <span
            class="token punctuation"
          >
            &lt;
          </span>
          h3
        </span>
        <span
          class="token punctuation"
        >
          &gt;
        </span>
      </span>
      Let us test your arithmetic.
      <span
        class="token tag"
      >
        <span
          class="token tag"
        >
          <span
            class="token punctuation"
          >
            &lt;/
          </span>
          h3
        </span>
        <span
          class="token punctuation"
        >
          &gt;
        </span>
      </span>
      

      <span
        class="new-line"
      />
          
      <span
        class="token tag"
      >
        <span
          class="token tag"
        >
          <span
            class="token punctuation"
          >
            &lt;
          </span>
          p
        </span>
        <span
          class="token punctuation"
        >
          &gt;
        </span>
      </span>
      What is the sum of the two numbers?
      <span
        class="token tag"
      >
        <span
          class="token tag"
        >
          <span
            class="token punctuation"
          >
            &lt;/
          </span>
          p
        </span>
        <span
          class="token punctuation"
        >
          &gt;
        </span>
      </span>
      

      <span
        class="new-line"
      />
          
      <span
        class="token tag"
      >
        <span
          class="token tag"
        >
          <span
            class="token punctuation"
          >
            &lt;
          </span>
          div
        </span>
         
        <span
          class="token attr-name"
        >
          class
        </span>
        <span
          class="token attr-value"
        >
          <span
            class="token punctuation"
          >
            =
          </span>
          <span
            class="token punctuation"
          >
            "
          </span>
          inline
          <span
            class="token punctuation"
          >
            "
          </span>
        </span>
        <span
          class="token punctuation"
        >
          &gt;
        </span>
      </span>
      

      <span
        class="new-line"
      />
            
      <span
        class="token tag"
      >
        <span
          class="token tag"
        >
          <span
            class="token punctuation"
          >
            &lt;
          </span>
          p
        </span>
        <span
          class="token punctuation"
        >
          &gt;
        </span>
      </span>
      {{ x1 }} + {{ x2 }} =
      <span
        class="token tag"
      >
        <span
          class="token tag"
        >
          <span
            class="token punctuation"
          >
            &lt;/
          </span>
          p
        </span>
        <span
          class="token punctuation"
        >
          &gt;
        </span>
      </span>
       
      <span
        class="token tag"
      >
        <span
          class="token tag"
        >
          <span
            class="token punctuation"
          >
            &lt;
          </span>
          input
        </span>
         
        <span
          class="token attr-name"
        >
          v-model
        </span>
        <span
          class="token attr-value"
        >
          <span
            class="token punctuation"
          >
            =
          </span>
          <span
            class="token punctuation"
          >
            "
          </span>
          guess
          <span
            class="token punctuation"
          >
            "
          </span>
        </span>
        <span
          class="token punctuation"
        >
          &gt;
        </span>
      </span>
       
      <span
        class="token tag"
      >
        <span
          class="token tag"
        >
          <span
            class="token punctuation"
          >
            &lt;
          </span>
          button
        </span>
         
        <span
          class="token attr-name"
        >
          <span
            class="token namespace"
          >
            v-on:
          </span>
          click
        </span>
        <span
          class="token attr-value"
        >
          <span
            class="token punctuation"
          >
            =
          </span>
          <span
            class="token punctuation"
          >
            "
          </span>
          check
          <span
            class="token punctuation"
          >
            "
          </span>
        </span>
        <span
          class="token punctuation"
        >
          &gt;
        </span>
      </span>
      Check Answer
      <span
        class="token tag"
      >
        <span
          class="token tag"
        >
          <span
            class="token punctuation"
          >
            &lt;/
          </span>
          button
        </span>
        <span
          class="token punctuation"
        >
          &gt;
        </span>
      </span>
      

      <span
        class="new-line"
      />
          
      <span
        class="token tag"
      >
        <span
          class="token tag"
        >
          <span
            class="token punctuation"
          >
            &lt;/
          </span>
          div
        </span>
        <span
          class="token punctuation"
        >
          &gt;
        </span>
      </span>
      

      <span
        class="new-line"
      />
          
      <span
        class="token tag"
      >
        <span
          class="token tag"
        >
          <span
            class="token punctuation"
          >
            &lt;
          </span>
          button
        </span>
         
        <span
          class="token attr-name"
        >
          <span
            class="token namespace"
          >
            v-on:
          </span>
          click
        </span>
        <span
          class="token attr-value"
        >
          <span
            class="token punctuation"
          >
            =
          </span>
          <span
            class="token punctuation"
          >
            "
          </span>
          refresh
          <span
            class="token punctuation"
          >
            "
          </span>
        </span>
        <span
          class="token punctuation"
        >
          &gt;
        </span>
      </span>
      Refresh
      <span
        class="token tag"
      >
        <span
          class="token tag"
        >
          <span
            class="token punctuation"
          >
            &lt;/
          </span>
          button
        </span>
        <span
          class="token punctuation"
        >
          &gt;
        </span>
      </span>
      

      <span
        class="new-line"
      />
          
      <span
        class="token tag"
      >
        <span
          class="token tag"
        >
          <span
            class="token punctuation"
          >
            &lt;
          </span>
          p
        </span>
        <span
          class="token punctuation"
        >
          &gt;
        </span>
      </span>
      {{message}}
      <span
        class="token tag"
      >
        <span
          class="token tag"
        >
          <span
            class="token punctuation"
          >
            &lt;/
          </span>
          p
        </span>
        <span
          class="token punctuation"
        >
          &gt;
        </span>
      </span>
      

      <span
        class="new-line"
      />
        
      <span
        class="token tag"
      >
        <span
          class="token tag"
        >
          <span
            class="token punctuation"
          >
            &lt;/
          </span>
          div
        </span>
        <span
          class="token punctuation"
        >
          &gt;
        </span>
      </span>
      

      <span
        class="new-line"
      />
      <span
        class="token tag"
      >
        <span
          class="token tag"
        >
          <span
            class="token punctuation"
          >
            &lt;/
          </span>
          div
        </span>
        <span
          class="token punctuation"
        >
          &gt;
        </span>
      </span>
      

      <span
        class="new-line"
      />
      <span
        class="token tag"
      >
        <span
          class="token tag"
        >
          <span
            class="token punctuation"
          >
            &lt;/
          </span>
          template
        </span>
        <span
          class="token punctuation"
        >
          &gt;
        </span>
      </span>
      

      <span
        class="new-line"
      />
      

      <span
        class="new-line"
      />
      <span
        class="token tag"
      >
        <span
          class="token tag"
        >
          <span
            class="token punctuation"
          >
            &lt;
          </span>
          script
        </span>
        <span
          class="token punctuation"
        >
          &gt;
        </span>
      </span>
      <span
        class="token script"
      >
        <span
          class="token language-javascript"
        >
          

          <span
            class="new-line"
          />
          <span
            class="token keyword"
          >
            export
          </span>
           
          <span
            class="token keyword"
          >
            default
          </span>
           
          <span
            class="token punctuation"
          >
            {
          </span>
          

          <span
            class="new-line"
          />
          name
          <span
            class="token operator"
          >
            :
          </span>
           
          <span
            class="token string"
          >
            'App'
          </span>
          <span
            class="token punctuation"
          >
            ,
          </span>
          

          <span
            class="new-line"
          />
          <span
            class="token function"
          >
            data
          </span>
          <span
            class="token punctuation"
          >
            (
          </span>
          <span
            class="token punctuation"
          >
            )
          </span>
           
          <span
            class="token punctuation"
          >
            {
          </span>
          

          <span
            class="new-line"
          />
            
          <span
            class="token keyword"
          >
            return
          </span>
           
          <span
            class="token punctuation"
          >
            {
          </span>
          

          <span
            class="new-line"
          />
              x1
          <span
            class="token operator"
          >
            :
          </span>
           Math
          <span
            class="token punctuation"
          >
            .
          </span>
          <span
            class="token function"
          >
            ceil
          </span>
          <span
            class="token punctuation"
          >
            (
          </span>
          Math
          <span
            class="token punctuation"
          >
            .
          </span>
          <span
            class="token function"
          >
            random
          </span>
          <span
            class="token punctuation"
          >
            (
          </span>
          <span
            class="token punctuation"
          >
            )
          </span>
           
          <span
            class="token operator"
          >
            *
          </span>
           
          <span
            class="token number"
          >
            100
          </span>
          <span
            class="token punctuation"
          >
            )
          </span>
          <span
            class="token punctuation"
          >
            ,
          </span>
          

          <span
            class="new-line"
          />
              x2
          <span
            class="token operator"
          >
            :
          </span>
           Math
          <span
            class="token punctuation"
          >
            .
          </span>
          <span
            class="token function"
          >
            ceil
          </span>
          <span
            class="token punctuation"
          >
            (
          </span>
          Math
          <span
            class="token punctuation"
          >
            .
          </span>
          <span
            class="token function"
          >
            random
          </span>
          <span
            class="token punctuation"
          >
            (
          </span>
          <span
            class="token punctuation"
          >
            )
          </span>
           
          <span
            class="token operator"
          >
            *
          </span>
           
          <span
            class="token number"
          >
            100
          </span>
          <span
            class="token punctuation"
          >
            )
          </span>
          <span
            class="token punctuation"
          >
            ,
          </span>
          

          <span
            class="new-line"
          />
              guess
          <span
            class="token operator"
          >
            :
          </span>
           
          <span
            class="token string"
          >
            ""
          </span>
          <span
            class="token punctuation"
          >
            ,
          </span>
          

          <span
            class="new-line"
          />
              message
          <span
            class="token operator"
          >
            :
          </span>
           
          <span
            class="token string"
          >
            ""
          </span>
          

          <span
            class="new-line"
          />
            
          <span
            class="token punctuation"
          >
            }
          </span>
          

          <span
            class="new-line"
          />
          <span
            class="token punctuation"
          >
            }
          </span>
          <span
            class="token punctuation"
          >
            ,
          </span>
          

          <span
            class="new-line"
          />
          methods
          <span
            class="token operator"
          >
            :
          </span>
           
          <span
            class="token punctuation"
          >
            {
          </span>
          

          <span
            class="new-line"
          />
            
          <span
            class="token function"
          >
            check
          </span>
          <span
            class="token punctuation"
          >
            (
          </span>
          <span
            class="token punctuation"
          >
            )
          </span>
           
          <span
            class="token punctuation"
          >
            {
          </span>
          

          <span
            class="new-line"
          />
              
          <span
            class="token keyword"
          >
            if
          </span>
           
          <span
            class="token punctuation"
          >
            (
          </span>
          <span
            class="token keyword"
          >
            this
          </span>
          <span
            class="token punctuation"
          >
            .
          </span>
          x1 
          <span
            class="token operator"
          >
            +
          </span>
           
          <span
            class="token keyword"
          >
            this
          </span>
          <span
            class="token punctuation"
          >
            .
          </span>
          x2 
          <span
            class="token operator"
          >
            ===
          </span>
           
          <span
            class="token function"
          >
            parseInt
          </span>
          <span
            class="token punctuation"
          >
            (
          </span>
          <span
            class="token keyword"
          >
            this
          </span>
          <span
            class="token punctuation"
          >
            .
          </span>
          guess
          <span
            class="token punctuation"
          >
            )
          </span>
          <span
            class="token punctuation"
          >
            )
          </span>
           
          <span
            class="token punctuation"
          >
            {
          </span>
          

          <span
            class="new-line"
          />
                
          <span
            class="token keyword"
          >
            this
          </span>
          <span
            class="token punctuation"
          >
            .
          </span>
          message 
          <span
            class="token operator"
          >
            =
          </span>
           
          <span
            class="token string"
          >
            "SUCCESS!"
          </span>
          

          <span
            class="new-line"
          />
              
          <span
            class="token punctuation"
          >
            }
          </span>
           
          <span
            class="token keyword"
          >
            else
          </span>
           
          <span
            class="token punctuation"
          >
            {
          </span>
          

          <span
            class="new-line"
          />
                
          <span
            class="token keyword"
          >
            this
          </span>
          <span
            class="token punctuation"
          >
            .
          </span>
          message 
          <span
            class="token operator"
          >
            =
          </span>
           
          <span
            class="token string"
          >
            "TRY AGAIN"
          </span>
          

          <span
            class="new-line"
          />
              
          <span
            class="token punctuation"
          >
            }
          </span>
          

          <span
            class="new-line"
          />
            
          <span
            class="token punctuation"
          >
            }
          </span>
          <span
            class="token punctuation"
          >
            ,
          </span>
          

          <span
            class="new-line"
          />
            
          <span
            class="token function"
          >
            refresh
          </span>
          <span
            class="token punctuation"
          >
            (
          </span>
          <span
            class="token punctuation"
          >
            )
          </span>
           
          <span
            class="token punctuation"
          >
            {
          </span>
          

          <span
            class="new-line"
          />
              
          <span
            class="token keyword"
          >
            this
          </span>
          <span
            class="token punctuation"
          >
            .
          </span>
          x1 
          <span
            class="token operator"
          >
            =
          </span>
           Math
          <span
            class="token punctuation"
          >
            .
          </span>
          <span
            class="token function"
          >
            ceil
          </span>
          <span
            class="token punctuation"
          >
            (
          </span>
          Math
          <span
            class="token punctuation"
          >
            .
          </span>
          <span
            class="token function"
          >
            random
          </span>
          <span
            class="token punctuation"
          >
            (
          </span>
          <span
            class="token punctuation"
          >
            )
          </span>
           
          <span
            class="token operator"
          >
            *
          </span>
           
          <span
            class="token number"
          >
            100
          </span>
          <span
            class="token punctuation"
          >
            )
          </span>
          <span
            class="token punctuation"
          >
            ;
          </span>
          

          <span
            class="new-line"
          />
              
          <span
            class="token keyword"
          >
            this
          </span>
          <span
            class="token punctuation"
          >
            .
          </span>
          x2 
          <span
            class="token operator"
          >
            =
          </span>
           Math
          <span
            class="token punctuation"
          >
            .
          </span>
          <span
            class="token function"
          >
            ceil
          </span>
          <span
            class="token punctuation"
          >
            (
          </span>
          Math
          <span
            class="token punctuation"
          >
            .
          </span>
          <span
            class="token function"
          >
            random
          </span>
          <span
            class="token punctuation"
          >
            (
          </span>
          <span
            class="token punctuation"
          >
            )
          </span>
           
          <span
            class="token operator"
          >
            *
          </span>
           
          <span
            class="token number"
          >
            100
          </span>
          <span
            class="token punctuation"
          >
            )
          </span>
          <span
            class="token punctuation"
          >
            ;
          </span>
          

          <span
            class="new-line"
          />
            
          <span
            class="token punctuation"
          >
            }
          </span>
          

          <span
            class="new-line"
          />
          <span
            class="token punctuation"
          >
            }
          </span>
          

          <span
            class="new-line"
          />
          <span
            class="token punctuation"
          >
            }
          </span>
          

          <span
            class="new-line"
          />
        </span>
      </span>
      <span
        class="token tag"
      >
        <span
          class="token tag"
        >
          <span
            class="token punctuation"
          >
            &lt;/
          </span>
          script
        </span>
        <span
          class="token punctuation"
        >
          &gt;
        </span>
      </span>
      

      <span
        class="new-line"
      />
      

      <span
        class="new-line"
      />
      <span
        class="token tag"
      >
        <span
          class="token tag"
        >
          <span
            class="token punctuation"
          >
            &lt;
          </span>
          style
        </span>
        <span
          class="token punctuation"
        >
          &gt;
        </span>
      </span>
      <span
        class="token style"
      >
        <span
          class="token language-css"
        >
          

          <span
            class="new-line"
          />
          <span
            class="token selector"
          >
            #app
          </span>
           
          <span
            class="token punctuation"
          >
            {
          </span>
          

          <span
            class="new-line"
          />
          <span
            class="token property"
          >
            font-family
          </span>
          <span
            class="token punctuation"
          >
            :
          </span>
           Avenir
          <span
            class="token punctuation"
          >
            ,
          </span>
           Helvetica
          <span
            class="token punctuation"
          >
            ,
          </span>
           Arial
          <span
            class="token punctuation"
          >
            ,
          </span>
           sans-serif
          <span
            class="token punctuation"
          >
            ;
          </span>
          

          <span
            class="new-line"
          />
          <span
            class="token property"
          >
            -webkit-font-smoothing
          </span>
          <span
            class="token punctuation"
          >
            :
          </span>
           antialiased
          <span
            class="token punctuation"
          >
            ;
          </span>
          

          <span
            class="new-line"
          />
          <span
            class="token property"
          >
            -moz-osx-font-smoothing
          </span>
          <span
            class="token punctuation"
          >
            :
          </span>
           grayscale
          <span
            class="token punctuation"
          >
            ;
          </span>
          

          <span
            class="new-line"
          />
          <span
            class="token property"
          >
            text-align
          </span>
          <span
            class="token punctuation"
          >
            :
          </span>
           center
          <span
            class="token punctuation"
          >
            ;
          </span>
          

          <span
            class="new-line"
          />
          <span
            class="token property"
          >
            color
          </span>
          <span
            class="token punctuation"
          >
            :
          </span>
           #2c3e50
          <span
            class="token punctuation"
          >
            ;
          </span>
          

          <span
            class="new-line"
          />
          <span
            class="token property"
          >
            margin-top
          </span>
          <span
            class="token punctuation"
          >
            :
          </span>
           60px
          <span
            class="token punctuation"
          >
            ;
          </span>
          

          <span
            class="new-line"
          />
          <span
            class="token punctuation"
          >
            }
          </span>
          

          <span
            class="new-line"
          />
          <span
            class="token selector"
          >
            .inline *
          </span>
           
          <span
            class="token punctuation"
          >
            {
          </span>
          

          <span
            class="new-line"
          />
          <span
            class="token property"
          >
            display
          </span>
          <span
            class="token punctuation"
          >
            :
          </span>
           inline-block
          <span
            class="token punctuation"
          >
            ;
          </span>
          

          <span
            class="new-line"
          />
          <span
            class="token punctuation"
          >
            }
          </span>
          

          <span
            class="new-line"
          />
          <span
            class="token selector"
          >
            img
          </span>
           
          <span
            class="token punctuation"
          >
            {
          </span>
          

          <span
            class="new-line"
          />
          <span
            class="token property"
          >
            height
          </span>
          <span
            class="token punctuation"
          >
            :
          </span>
           350px
          <span
            class="token punctuation"
          >
            ;
          </span>
          

          <span
            class="new-line"
          />
          <span
            class="token punctuation"
          >
            }
          </span>
          

          <span
            class="new-line"
          />
        </span>
      </span>
      <span
        class="token tag"
      >
        <span
          class="token tag"
        >
          <span
            class="token punctuation"
          >
            &lt;/
          </span>
          style
        </span>
        <span
          class="token punctuation"
        >
          &gt;
        </span>
      </span>
      <br />
    </code>
  </pre>
</div>
`;
